COMMAND
C:\Users\harir\AppData\Local\Programs\Python\Python311\python.exe D:\WormShield final\threshold_sensivity.py


====================================================================================================
WormShield Threshold-Sensitivity Analysis
====================================================================================================

Fixed held-out test sweep:
[0.05 0.1  0.15 0.2  0.25 0.3  0.35 0.4  0.45 0.5  0.55 0.6  0.65 0.7
 0.75 0.8  0.85 0.9  0.95]

No threshold is selected using test performance.

Original WormShield module:
D:\WormShield final\wormshield_learned_payload.py

Loading cached AgentArena features:
D:\WormShield final\WormShield_Learned_Payload_Results\feature_cache\agentarena_learned_payload__protectai_deberta-v3-base-prompt-injection-v2.pkl

----------------------------------------------------------------------------
Seed 7
----------------------------------------------------------------------------
Validation-selected threshold: 0.461490
Held-out at selected threshold: Precision=0.8786, Recall=0.8542, F1=0.8662, FPR=0.0531

----------------------------------------------------------------------------
Seed 19
----------------------------------------------------------------------------
Validation-selected threshold: 0.349214
Held-out at selected threshold: Precision=0.8354, Recall=0.8800, F1=0.8571, FPR=0.0714

----------------------------------------------------------------------------
Seed 31
----------------------------------------------------------------------------
Validation-selected threshold: 0.763654
Held-out at selected threshold: Precision=0.9636, Recall=0.7518, F1=0.8446, FPR=0.0119

----------------------------------------------------------------------------
Seed 43
----------------------------------------------------------------------------
Validation-selected threshold: 0.496146
Held-out at selected threshold: Precision=0.8806, Recall=0.8027, F1=0.8399, FPR=0.0448

----------------------------------------------------------------------------
Seed 59
----------------------------------------------------------------------------
Validation-selected threshold: 0.553096
Held-out at selected threshold: Precision=0.8676, Recall=0.8676, F1=0.8676, FPR=0.0523

Saved figure:
D:\WormShield final\WormShield_Learned_Payload_Results\threshold_sensitivity\threshold_sensitivity.pdf
D:\WormShield final\WormShield_Learned_Payload_Results\threshold_sensitivity\threshold_sensitivity.png

Validation-selected threshold:
  mean = 0.524720
  std  = 0.136756

====================================================================================================================
THRESHOLD SWEEP SUMMARY
====================================================================================================================
Threshold Precision Mean Recall Mean F1 Mean FPR Mean Accuracy Mean
   0.0500         0.6421      0.9695  0.7721   0.2262        0.8314
   0.1000         0.7033      0.9531  0.8091   0.1681        0.8676
   0.1500         0.7358      0.9460  0.8276   0.1418        0.8841
   0.2000         0.7654      0.9307  0.8399   0.1189        0.8957
   0.2500         0.7888      0.9141  0.8467   0.1021        0.9026
   0.3000         0.8172      0.9086  0.8604   0.0847        0.9133
   0.3500         0.8387      0.8905  0.8636   0.0714        0.9173
   0.4000         0.8520      0.8726  0.8619   0.0632        0.9178
   0.4500         0.8657      0.8615  0.8633   0.0557        0.9198
   0.5000         0.8784      0.8436  0.8601   0.0487        0.9194
   0.5500         0.8979      0.8310  0.8626   0.0395        0.9222
   0.6000         0.9027      0.8117  0.8541   0.0366        0.9186
   0.6500         0.9104      0.7780  0.8387   0.0320        0.9119
   0.7000         0.9109      0.7528  0.8239   0.0308        0.9052
   0.7500         0.9172      0.7103  0.8004   0.0268        0.8957
   0.8000         0.9211      0.6850  0.7855   0.0245        0.8899
   0.8500         0.9293      0.6417  0.7591   0.0204        0.8801
   0.9000         0.9399      0.5819  0.7182   0.0156        0.8657
   0.9500         0.9620      0.4854  0.6444   0.0081        0.8426

====================================================================================================================
VALIDATION-SELECTED OPERATING POINTS
====================================================================================================================
 Seed Threshold Selected Test Precision Selected Test Recall Selected Test F1 Selected Test FPR
    7    0.4615                  0.8786               0.8542           0.8662            0.0531
   19    0.3492                  0.8354               0.8800           0.8571            0.0714
   31    0.7637                  0.9636               0.7518           0.8446            0.0119
   43    0.4961                  0.8806               0.8027           0.8399            0.0448
   59    0.5531                  0.8676               0.8676           0.8676            0.0523

Saved:
D:\WormShield final\WormShield_Learned_Payload_Results\threshold_sensitivity\threshold_sensitivity_per_seed.csv
D:\WormShield final\WormShield_Learned_Payload_Results\threshold_sensitivity\threshold_sensitivity_summary.csv
D:\WormShield final\WormShield_Learned_Payload_Results\threshold_sensitivity\validation_selected_thresholds.csv
